$ turbo run typecheck && tsc --noEmit -p scripts/live/tsconfig.json
• turbo 2.11.2

   • Packages in scope: @steward/context, @steward/db, @steward/policy, @steward/reasoning, @steward/risk, @steward/shared, @steward/wallet, @steward/web, @steward/worker
   • Running typecheck in 9 packages
   • Remote caching disabled

@steward/wallet:typecheck: cache hit, replaying logs e303c1cabb301c5c
@steward/context:typecheck: cache hit, replaying logs a27afbd556629812
@steward/web:typecheck: cache hit, replaying logs 12043ba0f906ef43
@steward/wallet:typecheck: $ tsc --noEmit
@steward/risk:typecheck: cache hit, replaying logs 6908baa2a44a801a
@steward/context:typecheck: $ tsc --noEmit
@steward/web:typecheck: $ tsc --noEmit
@steward/worker:typecheck: cache hit, replaying logs 4e0adcd27f49820f
@steward/risk:typecheck: $ tsc --noEmit
@steward/policy:typecheck: cache hit, replaying logs 33c743158a470a81
@steward/reasoning:typecheck: cache hit, replaying logs ee333c56906368d0
@steward/shared:typecheck: cache hit, replaying logs a1f20b364e7e2999
@steward/db:typecheck: cache hit, replaying logs 0843a43c5dcbf6f9
@steward/worker:typecheck: $ tsc --noEmit
@steward/policy:typecheck: $ tsc --noEmit
@steward/reasoning:typecheck: $ tsc --noEmit
@steward/db:typecheck: $ tsc --noEmit
@steward/shared:typecheck: $ tsc --noEmit

 Tasks:    9 successful, 9 total
Cached:    9 cached, 9 total
  Time:    44ms >>> FULL TURBO

$ eslint . && prettier --check .
Checking formatting...
